
meet@LAPTOP-2D4RO9J1 MINGW64 /d/GIT TUTORIAL (master)
$ git st
git: 'st' is not a git command. See 'git --help'.

The most similar commands are
        status
        reset
        stage
        stash
        svn

meet@LAPTOP-2D4RO9J1 MINGW64 /d/GIT TUTORIAL (master)
$ git status
On branch master
Your branch is up to date with 'origin/master'.

nothing to commit, working tree clean

meet@LAPTOP-2D4RO9J1 MINGW64 /d/GIT TUTORIAL (master)
$ git checkout -b develop
Switched to a new branch 'develop'

meet@LAPTOP-2D4RO9J1 MINGW64 /d/GIT TUTORIAL (develop)
$ git status
On branch develop
Changes not staged for commit:
  (use "git add/rm <file>..." to update what will be committed)
  (use "git restore <file>..." to discard changes in working directory)
        deleted:    myExcel.xlsx

Untracked files:
  (use "git add <file>..." to include in what will be committed)
        importantFiles/

no changes added to commit (use "git add" and/or "git commit -a")

meet@LAPTOP-2D4RO9J1 MINGW64 /d/GIT TUTORIAL (develop)
$ git status
On branch develop
Changes not staged for commit:
  (use "git add/rm <file>..." to update what will be committed)
  (use "git restore <file>..." to discard changes in working directory)
        deleted:    myExcel.xlsx

Untracked files:
  (use "git add <file>..." to include in what will be committed)
        directory/
        importantFiles/

no changes added to commit (use "git add" and/or "git commit -a")

meet@LAPTOP-2D4RO9J1 MINGW64 /d/GIT TUTORIAL (develop)
$ git add .

meet@LAPTOP-2D4RO9J1 MINGW64 /d/GIT TUTORIAL (develop)
$ git status
On branch develop
Changes to be committed:
  (use "git restore --staged <file>..." to unstage)
        new file:   directory/entry.xlsx
        renamed:    myExcel.xlsx -> importantFiles/myExcel.xlsx


meet@LAPTOP-2D4RO9J1 MINGW64 /d/GIT TUTORIAL (develop)
$ git cm "Branch Create and Adjust Structure"
error: pathspec 'Branch Create and Adjust Structure' did not match any file(s) known to git

meet@LAPTOP-2D4RO9J1 MINGW64 /d/GIT TUTORIAL (develop)
$ git cm -m "Branch Create and Adjust Structure"
[develop 92612bb] Branch Create and Adjust Structure
 2 files changed, 0 insertions(+), 0 deletions(-)
 create mode 100644 directory/entry.xlsx
 rename myExcel.xlsx => importantFiles/myExcel.xlsx (100%)

meet@LAPTOP-2D4RO9J1 MINGW64 /d/GIT TUTORIAL (develop)
$ git status
On branch develop
nothing to commit, working tree clean

meet@LAPTOP-2D4RO9J1 MINGW64 /d/GIT TUTORIAL (develop)
$ git chekout master
git: 'chekout' is not a git command. See 'git --help'.

The most similar command is
        checkout

meet@LAPTOP-2D4RO9J1 MINGW64 /d/GIT TUTORIAL (develop)
$ git checkout master
Switched to branch 'master'
Your branch is up to date with 'origin/master'.

meet@LAPTOP-2D4RO9J1 MINGW64 /d/GIT TUTORIAL (master)
$ rm -rf.git
rm: unknown option -- .
Try 'rm --help' for more information.

meet@LAPTOP-2D4RO9J1 MINGW64 /d/GIT TUTORIAL (master)
$ rm -rf .git

meet@LAPTOP-2D4RO9J1 MINGW64 /d/GIT TUTORIAL
$ git checkout master
fatal: not a git repository (or any of the parent directories): .git

meet@LAPTOP-2D4RO9J1 MINGW64 /d/GIT TUTORIAL
$ git init
Initialized empty Git repository in D:/GIT TUTORIAL/.git/

meet@LAPTOP-2D4RO9J1 MINGW64 /d/GIT TUTORIAL (master)
$ git add .

meet@LAPTOP-2D4RO9J1 MINGW64 /d/GIT TUTORIAL (master)
$ git commit -m "Initial Commit"
[master (root-commit) 5a28647] Initial Commit
 6 files changed, 9 insertions(+)
 create mode 100644 .gitignore
 create mode 100644 first-renamed.txt
 create mode 100644 info.txt
 create mode 100644 meet.docx
 create mode 100644 myExcel.xlsx
 create mode 100644 tut6-9.docx

meet@LAPTOP-2D4RO9J1 MINGW64 /d/GIT TUTORIAL (master)
$ git status
On branch master
Changes not staged for commit:
  (use "git add <file>..." to update what will be committed)
  (use "git restore <file>..." to discard changes in working directory)
        modified:   info.txt

no changes added to commit (use "git add" and/or "git commit -a")

meet@LAPTOP-2D4RO9J1 MINGW64 /d/GIT TUTORIAL (master)
$ git add .

meet@LAPTOP-2D4RO9J1 MINGW64 /d/GIT TUTORIAL (master)
$ git commit -m "changed info.txt"
[master aed2571] changed info.txt
 1 file changed, 2 insertions(+), 1 deletion(-)

meet@LAPTOP-2D4RO9J1 MINGW64 /d/GIT TUTORIAL (master)
$ git status
On branch master
nothing to commit, working tree clean

meet@LAPTOP-2D4RO9J1 MINGW64 /d/GIT TUTORIAL (master)
$ git status
On branch master
Changes not staged for commit:
  (use "git add <file>..." to update what will be committed)
  (use "git restore <file>..." to discard changes in working directory)
        modified:   info.txt

no changes added to commit (use "git add" and/or "git commit -a")

meet@LAPTOP-2D4RO9J1 MINGW64 /d/GIT TUTORIAL (master)
$ git cm -a -m "changed master"
[master 268b85d] changed master
 1 file changed, 3 insertions(+), 1 deletion(-)

meet@LAPTOP-2D4RO9J1 MINGW64 /d/GIT TUTORIAL (master)
$ git checkout -b develop
Switched to a new branch 'develop'

meet@LAPTOP-2D4RO9J1 MINGW64 /d/GIT TUTORIAL (develop)
$ git cm -a -m "changed branch"
[develop a94c441] changed branch
 3 files changed, 4 deletions(-)
 delete mode 100644 info.txt
 delete mode 100644 meet.docx
 delete mode 100644 myExcel.xlsx

meet@LAPTOP-2D4RO9J1 MINGW64 /d/GIT TUTORIAL (develop)
$ git status
On branch develop
nothing to commit, working tree clean

meet@LAPTOP-2D4RO9J1 MINGW64 /d/GIT TUTORIAL (develop)
$ git branch master
fatal: A branch named 'master' already exists.

meet@LAPTOP-2D4RO9J1 MINGW64 /d/GIT TUTORIAL (develop)
$ git checkout master
Switched to branch 'master'

meet@LAPTOP-2D4RO9J1 MINGW64 /d/GIT TUTORIAL (master)
$ git checkout develop
Switched to branch 'develop'

meet@LAPTOP-2D4RO9J1 MINGW64 /d/GIT TUTORIAL (develop)
$ git checkout master
Switched to branch 'master'

meet@LAPTOP-2D4RO9J1 MINGW64 /d/GIT TUTORIAL (master)
$ git branch
  develop
* master

meet@LAPTOP-2D4RO9J1 MINGW64 /d/GIT TUTORIAL (master)
$


merging 



meet@LAPTOP-2D4RO9J1 MINGW64 /d/GIT TUTORIAL/My Website
$ git status
fatal: not a git repository (or any of the parent directories): .git

meet@LAPTOP-2D4RO9J1 MINGW64 /d/GIT TUTORIAL/My Website
$ git init
Initialized empty Git repository in D:/GIT TUTORIAL/My Website/.git/

meet@LAPTOP-2D4RO9J1 MINGW64 /d/GIT TUTORIAL/My Website (master)
$ git status
On branch master

No commits yet

Untracked files:
  (use "git add <file>..." to include in what will be committed)
        index.html

nothing added to commit but untracked files present (use "git add" to track)

meet@LAPTOP-2D4RO9J1 MINGW64 /d/GIT TUTORIAL/My Website (master)
$ git add -a
error: unknown switch `a'
usage: git add [<options>] [--] <pathspec>...

    -n, --dry-run         dry run
    -v, --verbose         be verbose

    -i, --interactive     interactive picking
    -p, --patch           select hunks interactively
    -e, --edit            edit current diff and apply
    -f, --force           allow adding otherwise ignored files
    -u, --update          update tracked files
    --renormalize         renormalize EOL of tracked files (implies -u)
    -N, --intent-to-add   record only the fact that the path will be added later
    -A, --all             add changes from all tracked and untracked files
    --ignore-removal      ignore paths removed in the working tree (same as --no-all)
    --refresh             don't add, only refresh the index
    --ignore-errors       just skip files which cannot be added because of errors
    --ignore-missing      check if - even missing - files are ignored in dry run
    --sparse              allow updating entries outside of the sparse-checkout cone
    --chmod (+|-)x        override the executable bit of the listed files
    --pathspec-from-file <file>
                          read pathspec from file
    --pathspec-file-nul   with --pathspec-from-file, pathspec elements are separated with NUL character


meet@LAPTOP-2D4RO9J1 MINGW64 /d/GIT TUTORIAL/My Website (master)
$ git add --a

meet@LAPTOP-2D4RO9J1 MINGW64 /d/GIT TUTORIAL/My Website (master)
$ git commit -m "initial Commit"
[master (root-commit) 96be802] initial Commit
 1 file changed, 65 insertions(+)
 create mode 100644 index.html

meet@LAPTOP-2D4RO9J1 MINGW64 /d/GIT TUTORIAL/My Website (master)
$ git status
On branch master
nothing to commit, working tree clean

meet@LAPTOP-2D4RO9J1 MINGW64 /d/GIT TUTORIAL/My Website (master)
$ git checkout -b extraFeatures
Switched to a new branch 'extraFeatures'

meet@LAPTOP-2D4RO9J1 MINGW64 /d/GIT TUTORIAL/My Website (extraFeatures)
$ git status
On branch extraFeatures
Changes not staged for commit:
  (use "git add <file>..." to update what will be committed)
  (use "git restore <file>..." to discard changes in working directory)
        modified:   index.html

no changes added to commit (use "git add" and/or "git commit -a")

meet@LAPTOP-2D4RO9J1 MINGW64 /d/GIT TUTORIAL/My Website (extraFeatures)
$ git checkout master
Switched to branch 'master'
M       index.html

meet@LAPTOP-2D4RO9J1 MINGW64 /d/GIT TUTORIAL/My Website (master)
$ git checkout extraFeatures
Switched to branch 'extraFeatures'
M       index.html

meet@LAPTOP-2D4RO9J1 MINGW64 /d/GIT TUTORIAL/My Website (extraFeatures)
$ git commit -m "initial Commit in extra Features"
On branch extraFeatures
Changes not staged for commit:
  (use "git add <file>..." to update what will be committed)
  (use "git restore <file>..." to discard changes in working directory)
        modified:   index.html

no changes added to commit (use "git add" and/or "git commit -a")

meet@LAPTOP-2D4RO9J1 MINGW64 /d/GIT TUTORIAL/My Website (extraFeatures)
$ git add .

meet@LAPTOP-2D4RO9J1 MINGW64 /d/GIT TUTORIAL/My Website (extraFeatures)
$ git commit -m "initial Commit in extra Features"
[extraFeatures 5d09eac] initial Commit in extra Features
 1 file changed, 79 insertions(+)

meet@LAPTOP-2D4RO9J1 MINGW64 /d/GIT TUTORIAL/My Website (extraFeatures)
$ git checkout master
Switched to branch 'master'

meet@LAPTOP-2D4RO9J1 MINGW64 /d/GIT TUTORIAL/My Website (master)
$ git checkout extraFeatures
Switched to branch 'extraFeatures'

meet@LAPTOP-2D4RO9J1 MINGW64 /d/GIT TUTORIAL/My Website (extraFeatures)
$ git checkout master
Switched to branch 'master'

meet@LAPTOP-2D4RO9J1 MINGW64 /d/GIT TUTORIAL/My Website (master)
$ git status
On branch master
nothing to commit, working tree clean

meet@LAPTOP-2D4RO9J1 MINGW64 /d/GIT TUTORIAL/My Website (master)
$ git merge extraFeatures
Updating 96be802..5d09eac
Fast-forward
 index.html | 79 ++++++++++++++++++++++++++++++++++++++++++++++++++++++++++++++
 1 file changed, 79 insertions(+)

meet@LAPTOP-2D4RO9J1 MINGW64 /d/GIT TUTORIAL/My Website (master)
$ git status
On branch master
nothing to commit, working tree clean

meet@LAPTOP-2D4RO9J1 MINGW64 /d/GIT TUTORIAL/My Website (master)
$ git commit
On branch master
nothing to commit, working tree clean

meet@LAPTOP-2D4RO9J1 MINGW64 /d/GIT TUTORIAL/My Website (master)
$ git checkout extraFeatures
Switched to branch 'extraFeatures'
M       index.html

meet@LAPTOP-2D4RO9J1 MINGW64 /d/GIT TUTORIAL/My Website (extraFeatures)
$ git status
On branch extraFeatures
Changes not staged for commit:
  (use "git add <file>..." to update what will be committed)
  (use "git restore <file>..." to discard changes in working directory)
        modified:   index.html

no changes added to commit (use "git add" and/or "git commit -a")

meet@LAPTOP-2D4RO9J1 MINGW64 /d/GIT TUTORIAL/My Website (extraFeatures)
$ git commit -a -m "changed extraFeature"
[extraFeatures 7810b56] changed extraFeature
 1 file changed, 2 insertions(+), 2 deletions(-)

meet@LAPTOP-2D4RO9J1 MINGW64 /d/GIT TUTORIAL/My Website (extraFeatures)
$ git merge extraFeatures
Already up to date.

meet@LAPTOP-2D4RO9J1 MINGW64 /d/GIT TUTORIAL/My Website (extraFeatures)
$ git status
On branch extraFeatures
nothing to commit, working tree clean

meet@LAPTOP-2D4RO9J1 MINGW64 /d/GIT TUTORIAL/My Website (extraFeatures)
$ git checkout master
Switched to branch 'master'

meet@LAPTOP-2D4RO9J1 MINGW64 /d/GIT TUTORIAL/My Website (master)
$ git status
On branch master
nothing to commit, working tree clean

meet@LAPTOP-2D4RO9J1 MINGW64 /d/GIT TUTORIAL/My Website (master)
$
